[key-music-853603.framer.app/index.html]
[backblue.gif]
[fade.gif]
[index.html]
[framerusercontent.com/assets/UmqpfYDRDjEOgHLCzomcKdKoAQE.png]
[framerusercontent.com/images/UmqpfYDRDjEOgHLCzomcKdKoAQE.png]
[key-music-853603.framer.app/about-us.html]
[key-music-853603.framer.app/products.html]
[key-music-853603.framer.app/contact.html]
[framerusercontent.com/images/kAZMVCgqd7qE1AnxkhUIY3jCFM.png]
[framerusercontent.com/images/UkZ6hxkIaRQETB067LTgflrtTWc.jpg]
[framerusercontent.com/images/22twJra2G42oEw5hHmuvRYe85uw.jpg]
[framerusercontent.com/images/sHcfSRE40FOZdTr0GGokIYZw5xE.jpg]
[framerusercontent.com/images/m7r7cGLQGmpVX30vF7OFcLzTUv0.jpg]
[framerusercontent.com/images/znE1hbD9hqpixa9RpXN9XZik.png]
[framerusercontent.com/images/mK2oQqb7pNehEQk7dx2p3OpGLSw.png]
[key-music-853603.framer.app/index.html]
[framerusercontent.com/images/xNXS1ZmPP4c4GOasVpolO5BiMdc17f5.png]
[framerusercontent.com/images/GBsbUgKdIPpn3T01HKsADHItuM17f5.jpg]
[framerusercontent.com/images/Ylot4yrbUhEbNL7QmEmA3rWng.png]
[key-music-853603.framer.app/about-us.html]
[framerusercontent.com/images/VZuM2GikPMkkVvOCKdZEHsfKBYY.jpg]
[framerusercontent.com/images/BCWRAUQapz4Qetw8Oid5RRbb4.jpg]
[framerusercontent.com/images/gWFDD0PQpSyVVJ5pDUf88pnayc.jpg]
[framerusercontent.com/images/0X1OeIfTcimNvhU7yylUgUgVwU.jpg]
[framerusercontent.com/images/l2Nb1LHvrpY5Z5coMiLL1bOLEvM.jpg]
[framerusercontent.com/images/F5inhLYguKo7XCh3zoPiOVJ04Bg.jpg]
[framerusercontent.com/images/iZq7IN3gOrhzhYt0QnidnJKXZo.jpg]
[framerusercontent.com/images/4AKINX90gSMdJnOmUTiVywK6bqM.jpg]
[framerusercontent.com/images/1pc415ob9sKfh88X7ueCpjWb3E.jpg]
[framerusercontent.com/images/slz5RzLGePAVZHdyHKkmZER9z4.jpg]
[framerusercontent.com/images/OuNsTHPGSY1sH7S2HfOvZay124.jpg]
[framerusercontent.com/images/PK13Gpx7rUM4hhrLlKExxf7hrOo.jpg]
[framerusercontent.com/images/PThmHNKbBP5wi5ioaFxwEAOvark.jpg]
[framerusercontent.com/images/eloI5pa5Lcj3TXxFaMwUema9hYI.jpg]
[framerusercontent.com/images/PpTRDnSTzUmrfiJsdIkmutOCm4.jpg]
[framerusercontent.com/images/xNwVAMBoqxZ2x0CY78r2GJLBQA.jpg]
[framerusercontent.com/images/5tBRFSdrgZdQfNlznx4JduEn38.jpg]
[framerusercontent.com/images/nQjLngrEyge7nZaMLFRozrDsmsk.jpg]
[framerusercontent.com/images/vmevtfTQh4iAGo3Qn8KYtXB8EN8.jpg]
[framerusercontent.com/images/VXuM3i4FDl94pwVPAsZluKbb17o.jpg]
[framerusercontent.com/images/sxqPkH8E6ZPhHrVVJtLvCmNMpDA.jpg]
[framerusercontent.com/images/eND87y2vhbGnhutkzL9DJJZz4o.jpg]
[framerusercontent.com/images/U2Fa9b8zOXfbGTaLBoB89FnKNRc.jpg]
[framerusercontent.com/images/c7uzbt2J04VYYwo5x8CLn12mUS8.jpg]
[framerusercontent.com/images/fHmcHotV41L84wLSTedoXyRri8.jpg]
[framerusercontent.com/images/aANfaikg8oajbfs3NEFfTzQFrHY.jpg]
[framerusercontent.com/images/IArZdparuRnsB8rNn0DZh7xE6VI.jpg]
[framerusercontent.com/images/62AQFGS6mDPdivF1X1IovoSNoKg.jpg]
[framerusercontent.com/images/eTJBZsSD4fBfqVj5fFmzJg0JIk.jpg]
[framerusercontent.com/images/TADYZ7JhCrWmRCDh1Sez8OBXkys.jpg]
[framerusercontent.com/images/bFeZJz1mHyMPKrJPYCdtZf2qgKk.jpg]
[framerusercontent.com/images/fv1WIlMoE1sIhFZVadSBSB6MBdo.jpg]
[framerusercontent.com/images/aM5C0MqTuKkFBgQUyy2oMeeFnI.jpg]
[framerusercontent.com/images/jHA7Y9dvy9HB9ytO1j6fdvQho.jpg]
[framerusercontent.com/images/tSRrpGKgpd5VXld90zXN2jddJFo.jpg]
[framerusercontent.com/images/liJIvCKchVQRhdOVwGyIur7bSw.jpg]
[framerusercontent.com/images/4N5BZeTsrnQNpNNImfZKcrSOE.jpg]
[framerusercontent.com/images/aiOkFguBYHlHqEmqQ1KWj6c2LA.jpg]
[framerusercontent.com/images/Ssad10WKbTVrGnOuxoGSfcU.jpg]
[framerusercontent.com/images/Hki7FYD9ZvXgOSZVTE53xZmPt4.jpg]
[framerusercontent.com/images/g4Wh3d2xKY0C78u8hLwK6KJP8.jpg]
[framerusercontent.com/images/ObIZoN2QRJzOvvyFjNkdQRBdxB8.jpg]
[framerusercontent.com/images/0CoAnKJYYuvbQjOhecmAoL1VP6w.jpg]
[key-music-853603.framer.app/[object Object].3a.delayed]
[key-music-853603.framer.app/products.html]
[key-music-853603.framer.app/contact.html]
[key-music-853603.framer.app/[object Object].html]
